WARNING : Using CLI version 2.29.1 but project's `requirements.txt`
WARNING : is configured to use 2.27.0. Consider either installing
WARNING : CLI version 2.27.0 or running `pretext update`
WARNING : to update `requirements.txt` and other managed files to match 2.29.1.
INFO    : Building target print
INFO    : messages from the log for XSL processing:
WARNING : * PTX:WARNING: The "oscarlevin" style requested in publication/html/css is deprecated. Your book will be built with theme="denver". See the PreTeXt Guide for options for the newer HTML themes and their specification .
INFO    : Generating any needed assets.
INFO    : Finished generating assets.

INFO    : Building with custom xsl C:\Users\e\Documents\git-local\algebra-book\xsl\dmoi-latex.xsl
INFO    : Preparing to build into C:\Users\e\Documents\git-local\algebra-book\output\print.
INFO    : discovering source file's directory name: C:\Users\e\Documents\git-local\algebra-book\source
INFO    : verifying and expanding input directory: C:\Users\e\Documents\git-local\algebra-book\source\../generated-assets/print
INFO    : input directory expanded to absolute path: C:\Users\e\Documents\git-local\algebra-book\generated-assets\print
INFO    : verifying and expanding input directory: C:\Users\e\Documents\git-local\algebra-book\source\../assets
INFO    : input directory expanded to absolute path: C:\Users\e\Documents\git-local\algebra-book\assets
INFO    : XSL conversion of C:\Users\e\Documents\git-local\algebra-book\source\dmoi.ptx by C:\Users\e\.ptx\2.29.1\core\xsl\utilities\report-publisher-variables.xsl
INFO    : successful application of C:\Users\e\.ptx\2.29.1\core\xsl\utilities\report-publisher-variables.xsl
INFO    : converting C:\Users\e\Documents\git-local\algebra-book\source\dmoi.ptx to LaTeX as C:\Users\e\AppData\Local\Temp\ptx-9ay4rtkt\dmoi.tex
INFO    : XSL conversion of C:\Users\e\Documents\git-local\algebra-book\source\dmoi.ptx by C:\Users\e\AppData\Local\Temp\ptxcli_szbjnu7z\cli_xsl\dmoi-latex.xsl
WARNING : * PTX:WARNING: In a section containing subsections, any content that is not inside a subsection needs to be inside an <introduction> and/or  <conclusion>.
INFO    : *              located within: "sec-operations" (xml:id), "Operations" (title)
INFO    : *              located within: "sec-sample-code" (xml:id), "Sample code" (title)
WARNING : * PTX:WARNING: In a subsection containing subsubsections, any content that is not inside a subsubsection needs to be inside an <introduction> and/or  <conclusion>.
INFO    : *              located within: "Equations when the variable is written once" (title)
INFO    : * PTX:INFO:   checking all deprecated elements.
WARNING : * PTX:DEPRECATE: (2024-10-08) elements previously included in a "titlepage" element inside the "frontmatter" (author, editor, credit, date, and event) should now be placed in "frontmatter/bibinfo".  To ensure a title page is created, put only the empty element "titlepage-items" inside "titlepage".  Until you move these elements, we will try to honor your intent. (1 time)
INFO    : *              located within: "frontmatter" (xml:id)
INFO    : * --------------
WARNING : * PTX:DEPRECATE: (2024-10-08) elements previously included in a "colophon" element inside the "frontmatter" (credit, copyright, edition, and website) should now be placed in "frontmatter/bibinfo". To produce a "colophon", include only the empty element "colophon-items" inside "colophon" Until you move these elements, we will try to honor your intent. (1 time)
WARNING : * PTX:DEPRECATE: (2024-07-12) the html/css/@style publication file entry has been deprecated for replacement by @theme. See the Guide for theme options.
WARNING : * PTX:WARNING: there appears to be an "xref" by number to an item (of type "assemblage") without a number (or there is a bug).  The "xref" is
INFO    : *              located within: "subsubsec-equations-with-several-operations" (xml:id), "Equations with several operations" (title)
INFO    : *              The target is
INFO    : *              located within: "action-to-entire-side" (xml:id), "Apply action to the entirety of each side" (title)
WARNING : * PTX:WARNING:    An <xref> wants to build text using a number to identify the target, but the target (which has @xml:id "action-to-entire-side") does not have a number. You could try 'text="title"' or 'text="custom"' on the "xref".
WARNING : * PTX:WARNING: A cross-reference (<xref>) must have a @ref attribute, a @first/@last attribute pair, or a @provisional attribute
INFO    : *              located within: "subsec-24375623987698" (xml:id), "A new strategy" (title)
INFO    : *              located within: "Clarifications, Cautions, and Connections" (title)
INFO    : successful application of C:\Users\e\AppData\Local\Temp\ptxcli_szbjnu7z\cli_xsl\dmoi-latex.xsl
INFO    : Removing temporary directory C:\Users\e\AppData\Local\Temp\ptx-9ay4rtkt
INFO    : Removing temporary directory C:\Users\e\AppData\Local\Temp\ptx-159neysq
INFO    : Removing temporary directory C:\Users\e\AppData\Local\Temp\ptx-3596p8mx
INFO    : 
Finished build for target print. The output is in C:\Users\e\Documents\git-local\algebra-book\output\print.

INFO    : 
Success!  Built requested target(s) without errors.

INFO    : 
