WARNING : Using CLI version 2.29.1 but project's `requirements.txt`
WARNING : is configured to use 2.27.0. Consider either installing
WARNING : CLI version 2.27.0 or running `pretext update`
WARNING : to update `requirements.txt` and other managed files to match 2.29.1.
INFO    : Since no target was supplied, we will use "web4".

INFO    : Building target web4
INFO    : Generating any needed assets.
INFO    : converting latex-image pictures from C:\Users\e\Documents\git-local\algebra-book\source\dmoi.ptx to svg graphics for placement in C:\Users\e\Documents\git-local\algebra-book\generated-assets\web\latex-image
INFO    : extracting latex-image pictures from C:\Users\e\Documents\git-local\algebra-book\source\dmoi.ptx
INFO    : string parameters passed to extraction stylesheet: {'html.css.extra': 'external/custom-styles.css', 'cli.version': '2.29', 'publisher': 'C:/Users/e/Documents/git-local/algebra-book/publication/publication.ptx'}
INFO    : discovering source file's directory name: C:\Users\e\Documents\git-local\algebra-book\source
INFO    : verifying and expanding input directory: C:\Users\e\Documents\git-local\algebra-book\source\../generated-assets/web
INFO    : input directory expanded to absolute path: C:\Users\e\Documents\git-local\algebra-book\generated-assets\web
INFO    : verifying and expanding input directory: C:\Users\e\Documents\git-local\algebra-book\source\../assets
INFO    : input directory expanded to absolute path: C:\Users\e\Documents\git-local\algebra-book\assets
INFO    : XSL conversion of C:\Users\e\Documents\git-local\algebra-book\source\dmoi.ptx by C:\Users\e\.ptx\2.29.1\core\xsl\extract-latex-image.xsl
INFO    : successful application of C:\Users\e\.ptx\2.29.1\core\xsl\extract-latex-image.xsl
INFO    : converting product-of-fractions-25-37-2.tex to product-of-fractions-25-37-2.pdf
INFO    : cropping product-of-fractions-25-37-2.pdf to cropped-product-of-fractions-25-37-2.pdf
INFO    : renaming cropped-product-of-fractions-25-37-2.pdf to product-of-fractions-25-37-2.pdf
INFO    : converting product-of-fractions-25-37-2.pdf to product-of-fractions-25-37-2.svg
INFO    : Removing temporary directory C:\Users\e\AppData\Local\Temp\ptx-s32r84e8
INFO    : Finished generating assets.

INFO    : Building with custom xsl C:\Users\e\Documents\git-local\algebra-book\xsl\dmoi-html.xsl
INFO    : Preparing to build into C:\Users\e\Documents\git-local\algebra-book\output\web4.
INFO    : XSL conversion of C:\Users\e\Documents\git-local\algebra-book\source\dmoi.ptx by C:\Users\e\.ptx\2.29.1\core\xsl\utilities\report-publisher-variables.xsl
INFO    : successful application of C:\Users\e\.ptx\2.29.1\core\xsl\utilities\report-publisher-variables.xsl
INFO    : Downloading rs services file from https://runestone.academy/cdn/runestone/latest/webpack_static_imports.xml.
INFO    : Runestone Services via online CDN query: version 7.9.10
INFO    : Downloading Runestone Services, version 7.9.10
INFO    : Extracting Runestone Services from archive file
INFO    : Building custom css theme: theme-denver
INFO    : converting C:\Users\e\Documents\git-local\algebra-book\source\dmoi.ptx to HTML in C:\Users\e\AppData\Local\Temp\ptx-6e9qd80p
INFO    : XSL conversion of C:\Users\e\Documents\git-local\algebra-book\source\dmoi.ptx by C:\Users\e\AppData\Local\Temp\ptxcli_e20n3nge\cli_xsl\dmoi-html.xsl
INFO    : messages from the log for XSL processing:
WARNING : * PTX:WARNING: In a section containing subsections, any content that is not inside a subsection needs to be inside an <introduction> and/or  <conclusion>.
INFO    : *              located within: "sec-operations" (xml:id), "Operations" (title)
INFO    : *              located within: "sec-sample-code" (xml:id), "Sample code" (title)
INFO    : * PTX:INFO:   checking all deprecated elements.
WARNING : * PTX:DEPRECATE: (2017-11-09) an "assemblage" should not contain any items with a "caption".  You can instead place the content in a bare "sidebyside" (2 times)
INFO    : *              located within: "fig-a-plus-b" (xml:id)
INFO    : *              located within: "fig-a-times-b" (xml:id)
INFO    : * --------------
WARNING : * PTX:DEPRECATE: (2024-10-08) elements previously included in a "titlepage" element inside the "frontmatter" (author, editor, credit, date, and event) should now be placed in "frontmatter/bibinfo".  To ensure a title page is created, put only the empty element "titlepage-items" inside "titlepage".  Until you move these elements, we will try to honor your intent. (1 time)
INFO    : *              located within: "frontmatter" (xml:id)
WARNING : * PTX:DEPRECATE: (2024-10-08) elements previously included in a "colophon" element inside the "frontmatter" (credit, copyright, edition, and website) should now be placed in "frontmatter/bibinfo". To produce a "colophon", include only the empty element "colophon-items" inside "colophon" Until you move these elements, we will try to honor your intent. (1 time)
INFO    : successful application of C:\Users\e\AppData\Local\Temp\ptxcli_e20n3nge\cli_xsl\dmoi-html.xsl
INFO    : Removing temporary directory C:\Users\e\AppData\Local\Temp\ptx-6e9qd80p
INFO    : Removing temporary directory C:\Users\e\AppData\Local\Temp\ptx-kdmt3_8p
INFO    : 
Finished build for target web4. Run `pretext view web4` to see the results.

INFO    : 
Success!  Built requested target(s) without errors.

INFO    : 
