WARNING : Using CLI version 2.29.1 but project's `requirements.txt`
WARNING : is configured to use 2.27.0. Consider either installing
WARNING : CLI version 2.27.0 or running `pretext update`
WARNING : to update `requirements.txt` and other managed files to match 2.29.1.
INFO    : Building target latex
INFO    : Generating any needed assets.
INFO    : Finished generating assets.

INFO    : Building with custom xsl C:\Users\e\Documents\git-local\algebra-book\xsl\dmoi-latex.xsl
INFO    : Preparing to build into C:\Users\e\Documents\git-local\algebra-book\output\latex.
INFO    : XSL conversion of C:\Users\e\Documents\git-local\algebra-book\source\dmoi.ptx by C:\Users\e\.ptx\2.29.1\core\xsl\utilities\report-publisher-variables.xsl
INFO    : successful application of C:\Users\e\.ptx\2.29.1\core\xsl\utilities\report-publisher-variables.xsl
INFO    : converting C:\Users\e\Documents\git-local\algebra-book\source\dmoi.ptx to LaTeX as C:/Users/e/Documents/git-local/algebra-book/output/latex\dmoi.tex
INFO    : XSL conversion of C:\Users\e\Documents\git-local\algebra-book\source\dmoi.ptx by C:\Users\e\AppData\Local\Temp\ptxcli_fc5hrsqz\cli_xsl\dmoi-latex.xsl
INFO    : messages from the log for XSL processing:
WARNING : * PTX:WARNING: In a section containing subsections, any content that is not inside a subsection needs to be inside an <introduction> and/or  <conclusion>.
INFO    : *              located within: "sec-operations" (xml:id), "Operations" (title)
INFO    : *              located within: "sec-sample-code" (xml:id), "Sample code" (title)
INFO    : * PTX:INFO:   checking all deprecated elements.
WARNING : * PTX:DEPRECATE: (2017-11-09) an "assemblage" should not contain any items with a "caption".  You can instead place the content in a bare "sidebyside" (2 times)
INFO    : *              located within: "fig-a-plus-b" (xml:id)
INFO    : *              located within: "fig-a-times-b" (xml:id)
INFO    : * --------------
WARNING : * PTX:DEPRECATE: (2024-10-08) elements previously included in a "titlepage" element inside the "frontmatter" (author, editor, credit, date, and event) should now be placed in "frontmatter/bibinfo".  To ensure a title page is created, put only the empty element "titlepage-items" inside "titlepage".  Until you move these elements, we will try to honor your intent. (1 time)
INFO    : *              located within: "frontmatter" (xml:id)
WARNING : * PTX:DEPRECATE: (2024-10-08) elements previously included in a "colophon" element inside the "frontmatter" (credit, copyright, edition, and website) should now be placed in "frontmatter/bibinfo". To produce a "colophon", include only the empty element "colophon-items" inside "colophon" Until you move these elements, we will try to honor your intent. (1 time)
INFO    : successful application of C:\Users\e\AppData\Local\Temp\ptxcli_fc5hrsqz\cli_xsl\dmoi-latex.xsl
INFO    : Removing temporary directory C:\Users\e\AppData\Local\Temp\ptx-zdnmzf1c
INFO    : 
Finished build for target latex. The output is in C:\Users\e\Documents\git-local\algebra-book\output\latex.

INFO    : 
Success!  Built requested target(s) without errors.

INFO    : 
