WARNING : Using CLI version 2.29.1 but project's `requirements.txt`
WARNING : is configured to use 2.27.0. Consider either installing
WARNING : CLI version 2.27.0 or running `pretext update`
WARNING : to update `requirements.txt` and other managed files to match 2.29.1.
INFO    : Since no target was supplied, we will use "web4".

INFO    : Building target web4
INFO    : XSL conversion of /Users/ekim/Documents/git-local/algebra-book/source/dmoi.ptx by /Users/ekim/.ptx/2.29.1/core/xsl/utilities/pretext-enhanced-source.xsl
INFO    : successful application of /Users/ekim/.ptx/2.29.1/core/xsl/utilities/pretext-enhanced-source.xsl
INFO    : Generating any needed assets.
INFO    : XSL conversion of /Users/ekim/Documents/git-local/algebra-book/source/dmoi.ptx by /Users/ekim/.ptx/2.29.1/core/xsl/utilities/pretext-enhanced-source.xsl
INFO    : successful application of /Users/ekim/.ptx/2.29.1/core/xsl/utilities/pretext-enhanced-source.xsl
INFO    : XSL conversion of /Users/ekim/Documents/git-local/algebra-book/source/dmoi.ptx by /Users/ekim/.ptx/2.29.1/core/xsl/utilities/pretext-enhanced-source.xsl
INFO    : successful application of /Users/ekim/.ptx/2.29.1/core/xsl/utilities/pretext-enhanced-source.xsl
INFO    : XSL conversion of /Users/ekim/Documents/git-local/algebra-book/source/dmoi.ptx by /Users/ekim/.ptx/2.29.1/core/xsl/utilities/pretext-enhanced-source.xsl
INFO    : successful application of /Users/ekim/.ptx/2.29.1/core/xsl/utilities/pretext-enhanced-source.xsl
INFO    : XSL conversion of /Users/ekim/Documents/git-local/algebra-book/source/dmoi.ptx by /Users/ekim/.ptx/2.29.1/core/xsl/utilities/pretext-enhanced-source.xsl
INFO    : successful application of /Users/ekim/.ptx/2.29.1/core/xsl/utilities/pretext-enhanced-source.xsl
INFO    : XSL conversion of /Users/ekim/Documents/git-local/algebra-book/source/dmoi.ptx by /Users/ekim/.ptx/2.29.1/core/xsl/utilities/pretext-enhanced-source.xsl
INFO    : successful application of /Users/ekim/.ptx/2.29.1/core/xsl/utilities/pretext-enhanced-source.xsl
INFO    : XSL conversion of /Users/ekim/Documents/git-local/algebra-book/source/dmoi.ptx by /Users/ekim/.ptx/2.29.1/core/xsl/utilities/pretext-enhanced-source.xsl
INFO    : successful application of /Users/ekim/.ptx/2.29.1/core/xsl/utilities/pretext-enhanced-source.xsl
INFO    : XSL conversion of /Users/ekim/Documents/git-local/algebra-book/source/dmoi.ptx by /Users/ekim/.ptx/2.29.1/core/xsl/utilities/pretext-enhanced-source.xsl
INFO    : successful application of /Users/ekim/.ptx/2.29.1/core/xsl/utilities/pretext-enhanced-source.xsl
INFO    : XSL conversion of /Users/ekim/Documents/git-local/algebra-book/source/dmoi.ptx by /Users/ekim/.ptx/2.29.1/core/xsl/utilities/pretext-enhanced-source.xsl
INFO    : successful application of /Users/ekim/.ptx/2.29.1/core/xsl/utilities/pretext-enhanced-source.xsl
INFO    : XSL conversion of /Users/ekim/Documents/git-local/algebra-book/source/dmoi.ptx by /Users/ekim/.ptx/2.29.1/core/xsl/utilities/pretext-enhanced-source.xsl
INFO    : successful application of /Users/ekim/.ptx/2.29.1/core/xsl/utilities/pretext-enhanced-source.xsl
INFO    : XSL conversion of /Users/ekim/Documents/git-local/algebra-book/source/dmoi.ptx by /Users/ekim/.ptx/2.29.1/core/xsl/utilities/pretext-enhanced-source.xsl
INFO    : successful application of /Users/ekim/.ptx/2.29.1/core/xsl/utilities/pretext-enhanced-source.xsl
INFO    : XSL conversion of /Users/ekim/Documents/git-local/algebra-book/source/dmoi.ptx by /Users/ekim/.ptx/2.29.1/core/xsl/utilities/pretext-enhanced-source.xsl
INFO    : successful application of /Users/ekim/.ptx/2.29.1/core/xsl/utilities/pretext-enhanced-source.xsl
INFO    : XSL conversion of /Users/ekim/Documents/git-local/algebra-book/source/dmoi.ptx by /Users/ekim/.ptx/2.29.1/core/xsl/utilities/pretext-enhanced-source.xsl
INFO    : successful application of /Users/ekim/.ptx/2.29.1/core/xsl/utilities/pretext-enhanced-source.xsl
INFO    : XSL conversion of /Users/ekim/Documents/git-local/algebra-book/source/dmoi.ptx by /Users/ekim/.ptx/2.29.1/core/xsl/utilities/pretext-enhanced-source.xsl
INFO    : successful application of /Users/ekim/.ptx/2.29.1/core/xsl/utilities/pretext-enhanced-source.xsl
INFO    : XSL conversion of /Users/ekim/Documents/git-local/algebra-book/source/dmoi.ptx by /Users/ekim/.ptx/2.29.1/core/xsl/utilities/pretext-enhanced-source.xsl
INFO    : successful application of /Users/ekim/.ptx/2.29.1/core/xsl/utilities/pretext-enhanced-source.xsl
INFO    : XSL conversion of /Users/ekim/Documents/git-local/algebra-book/source/dmoi.ptx by /Users/ekim/.ptx/2.29.1/core/xsl/utilities/pretext-enhanced-source.xsl
INFO    : successful application of /Users/ekim/.ptx/2.29.1/core/xsl/utilities/pretext-enhanced-source.xsl
INFO    : XSL conversion of /Users/ekim/Documents/git-local/algebra-book/source/dmoi.ptx by /Users/ekim/.ptx/2.29.1/core/xsl/utilities/pretext-enhanced-source.xsl
INFO    : successful application of /Users/ekim/.ptx/2.29.1/core/xsl/utilities/pretext-enhanced-source.xsl
INFO    : XSL conversion of /Users/ekim/Documents/git-local/algebra-book/source/dmoi.ptx by /Users/ekim/.ptx/2.29.1/core/xsl/utilities/pretext-enhanced-source.xsl
INFO    : successful application of /Users/ekim/.ptx/2.29.1/core/xsl/utilities/pretext-enhanced-source.xsl
INFO    : converting latex-image pictures from /Users/ekim/Documents/git-local/algebra-book/source/dmoi.ptx to svg graphics for placement in /Users/ekim/Documents/git-local/algebra-book/generated-assets/web/latex-image
INFO    : extracting latex-image pictures from /Users/ekim/Documents/git-local/algebra-book/source/dmoi.ptx
INFO    : string parameters passed to extraction stylesheet: {'html.css.extra': 'external/custom-styles.css', 'cli.version': '2.29', 'publisher': '/Users/ekim/Documents/git-local/algebra-book/publication/publication.ptx'}
INFO    : discovering source file's directory name: /Users/ekim/Documents/git-local/algebra-book/source
INFO    : verifying and expanding input directory: /Users/ekim/Documents/git-local/algebra-book/source/../generated-assets/web
INFO    : input directory expanded to absolute path: /Users/ekim/Documents/git-local/algebra-book/generated-assets/web
INFO    : verifying and expanding input directory: /Users/ekim/Documents/git-local/algebra-book/source/../assets
INFO    : input directory expanded to absolute path: /Users/ekim/Documents/git-local/algebra-book/assets
INFO    : discovering source file's directory name: /Users/ekim/Documents/git-local/algebra-book/source
INFO    : XSL conversion of /Users/ekim/Documents/git-local/algebra-book/source/dmoi.ptx by /Users/ekim/.ptx/2.29.1/core/xsl/extract-latex-image.xsl
INFO    : successful application of /Users/ekim/.ptx/2.29.1/core/xsl/extract-latex-image.xsl
INFO    : converting sec-solving-equations-revisited-6-16-1-2.tex to sec-solving-equations-revisited-6-16-1-2.pdf
INFO    : cropping sec-solving-equations-revisited-6-16-1-2.pdf to cropped-sec-solving-equations-revisited-6-16-1-2.pdf
INFO    : renaming cropped-sec-solving-equations-revisited-6-16-1-2.pdf to sec-solving-equations-revisited-6-16-1-2.pdf
INFO    : converting sec-solving-equations-revisited-6-16-1-2.pdf to sec-solving-equations-revisited-6-16-1-2.svg
INFO    : Removing temporary directory /var/folders/jp/0dzrwv_d0djg_3_d3wln0s6r6r1qz3/T/ptx-0icn4nq7
INFO    : Finished generating assets.

INFO    : Building with custom xsl /Users/ekim/Documents/git-local/algebra-book/xsl/dmoi-html.xsl
INFO    : Preparing to build into /Users/ekim/Documents/git-local/algebra-book/output/web4.
INFO    : discovering source file's directory name: /Users/ekim/Documents/git-local/algebra-book/source
INFO    : verifying and expanding input directory: /Users/ekim/Documents/git-local/algebra-book/source/../generated-assets/web
INFO    : input directory expanded to absolute path: /Users/ekim/Documents/git-local/algebra-book/generated-assets/web
INFO    : verifying and expanding input directory: /Users/ekim/Documents/git-local/algebra-book/source/../assets
INFO    : input directory expanded to absolute path: /Users/ekim/Documents/git-local/algebra-book/assets
INFO    : discovering source file's directory name: /Users/ekim/Documents/git-local/algebra-book/source
INFO    : XSL conversion of /Users/ekim/Documents/git-local/algebra-book/source/dmoi.ptx by /Users/ekim/.ptx/2.29.1/core/xsl/utilities/report-publisher-variables.xsl
INFO    : successful application of /Users/ekim/.ptx/2.29.1/core/xsl/utilities/report-publisher-variables.xsl
INFO    : Downloading rs services file from https://runestone.academy/cdn/runestone/latest/webpack_static_imports.xml.
INFO    : Runestone Services via online CDN query: version 7.9.18
INFO    : Downloading Runestone Services, version 7.9.18
INFO    : Extracting Runestone Services from archive file
INFO    : Building custom css theme: theme-denver
INFO    : converting /Users/ekim/Documents/git-local/algebra-book/source/dmoi.ptx to HTML in /var/folders/jp/0dzrwv_d0djg_3_d3wln0s6r6r1qz3/T/ptx-efwugrgc
INFO    : XSL conversion of /Users/ekim/Documents/git-local/algebra-book/source/dmoi.ptx by /var/folders/jp/0dzrwv_d0djg_3_d3wln0s6r6r1qz3/T/ptxcli_tha8cvbh/cli_xsl/dmoi-html.xsl
INFO    : messages from the log for XSL processing:
WARNING : * PTX:WARNING: In a section containing subsections, any content that is not inside a subsection needs to be inside an <introduction> and/or  <conclusion>.
INFO    : *              located within: "sec-operations" (xml:id), "Operations" (title)
WARNING : * PTX:WARNING: In a section containing subsections, any content that is not inside a subsection needs to be inside an <introduction> and/or  <conclusion>.
INFO    : *              located within: "sec-fractions-revisited" (xml:id), "Fractions Revisited" (title)
WARNING : * PTX:WARNING: In a subsection containing subsubsections, any content that is not inside a subsubsection needs to be inside an <introduction> and/or  <conclusion>.
INFO    : *              located within: "Equations when the variable is written once" (title)
INFO    : * PTX:INFO:   checking all deprecated elements.
WARNING : * PTX:DEPRECATE: (2024-10-08) elements previously included in a "titlepage" element inside the "frontmatter" (author, editor, credit, date, and event) should now be placed in "frontmatter/bibinfo".  To ensure a title page is created, put only the empty element "titlepage-items" inside "titlepage".  Until you move these elements, we will try to honor your intent. (1 time)
INFO    : *              located within: "frontmatter" (xml:id)
INFO    : * --------------
WARNING : * PTX:WARNING:    An <xref> wants to build text using a number to identify the target, but the target (which has @xml:id "action-to-entire-side") does not have a number. You could try 'text="title"' or 'text="custom"' on the "xref".
INFO    : *              located within: "subsubsec-equations-with-several-operations" (xml:id), "Equations with several operations" (title)
WARNING : * PTX:WARNING:    An <xref> wants to build text using a number to identify the target, but the target (which has @xml:id "action-to-entire-side") does not have a number. You could try 'text="title"' or 'text="custom"' on the "xref".
INFO    : *              located within: "subsubsec-equations-with-several-operations" (xml:id), "Equations with several operations" (title)
WARNING : * PTX:WARNING:    An <xref> wants to build text using a number to identify the target, but the target (which has @xml:id "action-to-entire-side") does not have a number. You could try 'text="title"' or 'text="custom"' on the "xref".
INFO    : *              located within: "subsubsec-equations-with-several-operations" (xml:id), "Equations with several operations" (title)
WARNING : * PTX:WARNING: A cross-reference (<xref>) must have a @ref attribute, a @first/@last attribute pair, or a @provisional attribute
INFO    : *              located within: "subsec-24375623987698" (xml:id), "A new strategy" (title)
WARNING : * PTX:WARNING: A cross-reference (<xref>) must have a @ref attribute, a @first/@last attribute pair, or a @provisional attribute
INFO    : *              located within: "subsec-24375623987698" (xml:id), "A new strategy" (title)
WARNING : * PTX:WARNING: A cross-reference (<xref>) must have a @ref attribute, a @first/@last attribute pair, or a @provisional attribute
INFO    : *              located within: "subsec-24375623987698" (xml:id), "A new strategy" (title)
WARNING : * PTX:WARNING: A cross-reference (<xref>) must have a @ref attribute, a @first/@last attribute pair, or a @provisional attribute
INFO    : *              located within: "subsec-24375623987698" (xml:id), "A new strategy" (title)
WARNING : * PTX:WARNING: A cross-reference (<xref>) must have a @ref attribute, a @first/@last attribute pair, or a @provisional attribute
INFO    : *              located within: "subsec-24375623987698" (xml:id), "A new strategy" (title)
WARNING : * PTX:WARNING: A cross-reference (<xref>) must have a @ref attribute, a @first/@last attribute pair, or a @provisional attribute
INFO    : *              located within: "Clarifications, Cautions, and Connections" (title)
WARNING : * PTX:WARNING: Unstructured content within a list item is being ignored ("You have an empty bucket. An")
INFO    : *              located within: "Extra practice problems" (title)
WARNING : * PTX:WARNING: Unstructured content within a list item is being ignored ("liter jar which is")
INFO    : *              located within: "Extra practice problems" (title)
WARNING : * PTX:WARNING: Unstructured content within a list item is being ignored ("acid is dumped into the bucket. A")
INFO    : *              located within: "Extra practice problems" (title)
WARNING : * PTX:WARNING: Unstructured content within a list item is being ignored ("liter jar which is")
INFO    : *              located within: "Extra practice problems" (title)
WARNING : * PTX:WARNING: Unstructured content within a list item is being ignored ("acid is also dumped into the bucket.")
INFO    : *              located within: "Extra practice problems" (title)
INFO    : successful application of /var/folders/jp/0dzrwv_d0djg_3_d3wln0s6r6r1qz3/T/ptxcli_tha8cvbh/cli_xsl/dmoi-html.xsl
INFO    : Removing temporary directory /var/folders/jp/0dzrwv_d0djg_3_d3wln0s6r6r1qz3/T/ptx-efwugrgc
INFO    : Removing temporary directory /var/folders/jp/0dzrwv_d0djg_3_d3wln0s6r6r1qz3/T/ptx-zjoudoi8
INFO    : 
Finished build for target web4. Run `pretext view web4` to see the results.

INFO    : 
Success!  Built requested target(s) without errors.

INFO    : 
