\BOOKMARK [1][-]{section*.1}{\376\377\000F\000a\000c\000t\000o\000r\000i\000n\000g}{}% 1
\BOOKMARK [1][-]{section*.2}{\376\377\000x\000y\000-\000p\000l\000a\000n\000e\000\040\000a\000n\000d\000\040\000t\000h\000e\000\040\000Q\000u\000a\000d\000r\000a\000n\000t\000s}{}% 2
\BOOKMARK [1][-]{section*.3}{\376\377\000L\000i\000n\000e\000s}{}% 3
\BOOKMARK [1][-]{section*.4}{\376\377\000S\000l\000o\000p\000e\000s\000\040\000o\000f\000\040\000L\000i\000n\000e\000s}{}% 4
\BOOKMARK [1][-]{section*.5}{\376\377\000T\000y\000p\000e\000s\000\040\000o\000f\000\040\000E\000q\000u\000a\000t\000i\000o\000n\000s}{}% 5
\BOOKMARK [1][-]{section*.6}{\376\377\000C\000o\000m\000p\000l\000e\000t\000i\000n\000g\000\040\000t\000h\000e\000\040\000S\000q\000u\000a\000r\000e}{}% 6
\BOOKMARK [1][-]{section*.7}{\376\377\000G\000r\000a\000p\000h\000s\000\040\000o\000f\000\040\000C\000i\000r\000c\000l\000e\000s}{}% 7
\BOOKMARK [1][-]{section*.12}{\376\377\000I\000n\000e\000q\000u\000a\000l\000i\000t\000i\000e\000s}{}% 8
\BOOKMARK [1][-]{section*.13}{\376\377\000I\000n\000t\000e\000r\000v\000a\000l\000\040\000N\000o\000t\000a\000t\000i\000o\000n}{}% 9
\BOOKMARK [1][-]{section*.14}{\376\377\000R\000e\000v\000i\000e\000w}{}% 10
\BOOKMARK [1][-]{section*.15}{\376\377\000F\000u\000n\000c\000t\000i\000o\000n\000s\000\040}{}% 11
\BOOKMARK [1][-]{section*.19}{\376\377\000S\000t\000a\000n\000d\000a\000r\000d\000\040\000F\000o\000r\000m\000\040\000t\000o\000\040\000V\000e\000r\000t\000e\000x\000\040\000F\000o\000r\000m}{}% 12
\BOOKMARK [1][-]{section*.20}{\376\377\000V\000e\000r\000t\000e\000x\000\040\000F\000o\000r\000m}{}% 13
\BOOKMARK [1][-]{section*.22}{\376\377\000F\000a\000c\000t\000o\000r\000s\000\040\000o\000f\000\040\000P\000o\000l\000y\000n\000o\000m\000i\000a\000l\000s}{}% 14
\BOOKMARK [1][-]{section*.24}{\376\377\000V\000o\000c\000a\000b\000u\000l\000a\000r\000y\000\040\000o\000f\000\040\000P\000o\000l\000y\000n\000o\000m\000i\000a\000l\000s}{}% 15
\BOOKMARK [1][-]{section*.26}{\376\377\000F\000a\000c\000t\000o\000r\000s\000\040\000o\000f\000\040\000P\000o\000l\000y\000n\000o\000m\000i\000a\000l\000s}{}% 16
\BOOKMARK [1][-]{section*.28}{\376\377\000G\000r\000a\000p\000h\000\040\000T\000r\000a\000n\000s\000f\000o\000r\000m\000a\000t\000i\000o\000n\000s}{}% 17
\BOOKMARK [1][-]{section*.29}{\376\377\000B\000a\000s\000e\000\040\000G\000r\000a\000p\000h\000s}{}% 18
\BOOKMARK [1][-]{section*.38}{\376\377\000T\000r\000a\000n\000s\000f\000o\000r\000m\000a\000t\000i\000o\000n\000s\000\040\000o\000f\000\040\000B\000a\000s\000e\000\040\000G\000r\000a\000p\000h\000s}{}% 19
\BOOKMARK [1][-]{section*.45}{\376\377\000P\000i\000e\000c\000e\000-\000w\000i\000s\000e\000\040\000F\000u\000n\000c\000t\000i\000o\000n\000s}{}% 20
\BOOKMARK [1][-]{section*.46}{\376\377\0001\000-\0001\000\040\000F\000u\000n\000c\000t\000i\000o\000n\000s}{}% 21
\BOOKMARK [1][-]{section*.47}{\376\377\000I\000n\000v\000e\000r\000s\000e\000\040\000F\000u\000n\000c\000t\000i\000o\000n\000s}{}% 22
\BOOKMARK [1][-]{section*.49}{\376\377\000E\000x\000p\000o\000n\000e\000n\000t\000i\000a\000l\000\040\000F\000u\000n\000c\000t\000i\000o\000n\000s}{}% 23
\BOOKMARK [1][-]{section*.52}{\376\377\000D\000e\000f\000i\000n\000i\000n\000g\000\040\000t\000h\000e\000\040\000L\000o\000g\000a\000r\000i\000t\000h\000m\000i\000c\000\040\000F\000u\000n\000c\000t\000i\000o\000n\000s}{}% 24
\BOOKMARK [1][-]{section*.53}{\376\377\000T\000h\000e\000\040\000L\000o\000g\000a\000r\000i\000t\000h\000m\000i\000c\000\040\000F\000u\000n\000c\000t\000i\000o\000n}{}% 25
